// Jest Snapshot v1, https://goo.gl/fbAQLP

exports[`Context: Rendering render without crash 1`] = `ShallowWrapper {}`;
